  main.cpp
C:\Users\USER\Documents\data-structure-lab-2026-4\Lec10_Graph\Lec10_Graph\AdjMatGraph.h(99,30): warning C4477: 'fscanf_s' : 서식 문자열 '%s'에 'unsigned int' 형식의 인수가 필요하지만 variadic 인수 2의 형식이 'size_t'입니다.
  (소스 파일 'main.cpp'을(를) 컴파일하는 중)
  C:\Users\USER\Documents\data-structure-lab-2026-4\Lec10_Graph\Lec10_Graph\AdjMatGraph.h(99,30):
  이 인수는 버퍼 크기로 사용됩니다.
  
C:\Users\USER\Documents\data-structure-lab-2026-4\Lec10_Graph\Lec10_Graph\AdjMatGraph.h(94,20): warning C4101: 'val' :참조되지 않은 지역 변수입니다.
  (소스 파일 'main.cpp'을(를) 컴파일하는 중)
  
C:\Users\USER\Documents\data-structure-lab-2026-4\Lec10_Graph\Lec10_Graph\AdjMatGraph.h(133,14): error C3646: 'node': 알 수 없는 재정의 지정자입니다.
  (소스 파일 'main.cpp'을(를) 컴파일하는 중)
  
C:\Users\USER\Documents\data-structure-lab-2026-4\Lec10_Graph\Lec10_Graph\AdjMatGraph.h(133,18): error C2143: 구문 오류: ','이(가) '[' 앞에 없습니다.
  (소스 파일 'main.cpp'을(를) 컴파일하는 중)
  
C:\Users\USER\Documents\data-structure-lab-2026-4\Lec10_Graph\Lec10_Graph\AdjMatGraph.h(133,31): error C2238: ';' 앞에 예기치 않은 토큰이 있습니다.
  (소스 파일 'main.cpp'을(를) 컴파일하는 중)
  
C:\Users\USER\Documents\data-structure-lab-2026-4\Lec10_Graph\Lec10_Graph\AdjMatGraph.h(147,13): error C2143: 구문 오류: ';'이(가) '&' 앞에 없습니다.
  (소스 파일 'main.cpp'을(를) 컴파일하는 중)
  
C:\Users\USER\Documents\data-structure-lab-2026-4\Lec10_Graph\Lec10_Graph\AdjMatGraph.h(147,13): error C4430: 형식 지정자가 없습니다. int로 가정합니다. 참고: C++에서는 기본 int를 지원하지 않습니다.
  (소스 파일 'main.cpp'을(를) 컴파일하는 중)
  
C:\Users\USER\Documents\data-structure-lab-2026-4\Lec10_Graph\Lec10_Graph\AdjMatGraph.h(147,32): error C2334: '{' 앞에 예기치 않은 토큰이 있습니다. 명백한 함수 본문을 건너뜁니다.
  (소스 파일 'main.cpp'을(를) 컴파일하는 중)
  
C:\Users\USER\Documents\data-structure-lab-2026-4\Lec10_Graph\Lec10_Graph\AdjMatGraph.h(163,13): error C2143: 구문 오류: ';'이(가) '&' 앞에 없습니다.
  (소스 파일 'main.cpp'을(를) 컴파일하는 중)
  
C:\Users\USER\Documents\data-structure-lab-2026-4\Lec10_Graph\Lec10_Graph\AdjMatGraph.h(163,13): error C4430: 형식 지정자가 없습니다. int로 가정합니다. 참고: C++에서는 기본 int를 지원하지 않습니다.
  (소스 파일 'main.cpp'을(를) 컴파일하는 중)
  
C:\Users\USER\Documents\data-structure-lab-2026-4\Lec10_Graph\Lec10_Graph\AdjMatGraph.h(163,24): error C2334: '{' 앞에 예기치 않은 토큰이 있습니다. 명백한 함수 본문을 건너뜁니다.
  (소스 파일 'main.cpp'을(를) 컴파일하는 중)
  
C:\Users\USER\Documents\data-structure-lab-2026-4\Lec10_Graph\Lec10_Graph\AdjMatGraph.h(156,32): error C2065: 'node': 선언되지 않은 식별자입니다.
  (소스 파일 'main.cpp'을(를) 컴파일하는 중)
  
C:\Users\USER\Documents\data-structure-lab-2026-4\Lec10_Graph\Lec10_Graph\AdjMatGraph.h(157,13): error C2065: 'node': 선언되지 않은 식별자입니다.
  (소스 파일 'main.cpp'을(를) 컴파일하는 중)
  
C:\Users\USER\Documents\data-structure-lab-2026-4\Lec10_Graph\Lec10_Graph\AdjMatGraph.h(157,23): error C2065: 'node': 선언되지 않은 식별자입니다.
  (소스 파일 'main.cpp'을(를) 컴파일하는 중)
  
C:\Users\USER\Documents\data-structure-lab-2026-4\Lec10_Graph\Lec10_Graph\AdjMatGraph.h(161,9): error C2065: 'node': 선언되지 않은 식별자입니다.
  (소스 파일 'main.cpp'을(를) 컴파일하는 중)
  
C:\Users\USER\Documents\data-structure-lab-2026-4\Lec10_Graph\Lec10_Graph\AdjMatGraph.h(206,32): error C2039: 'remove': 'MinHeap'의 멤버가 아닙니다.
  (소스 파일 'main.cpp'을(를) 컴파일하는 중)
  C:\Users\USER\Documents\data-structure-lab-2026-4\Lec10_Graph\Lec10_Graph\AdjMatGraph.h(132,7):
  'MinHeap' 선언을 참조하십시오.
  
C:\Users\USER\Documents\data-structure-lab-2026-4\Lec10_Graph\Lec10_Graph\AdjMatGraph.h(206,25): error C2530: 'e': 참조를 초기화해야 합니다.
  (소스 파일 'main.cpp'을(를) 컴파일하는 중)
  
